2022-02-22 13:10:59,343 - log_app - INFO - log message num: 0
2022-02-22 13:10:59,649 - log_app - INFO - log message num: 1
2022-02-22 13:10:59,955 - log_app - INFO - log message num: 2
2022-02-22 13:11:00,261 - log_app - INFO - log message num: 3
2022-02-22 13:11:00,566 - log_app - INFO - log message num: 4
2022-02-22 13:11:00,872 - log_app - INFO - log message num: 5
2022-02-22 13:11:01,177 - log_app - INFO - log message num: 6
2022-02-22 13:11:01,483 - log_app - INFO - log message num: 7
2022-02-22 13:11:01,789 - log_app - INFO - log message num: 8
2022-02-22 13:11:02,094 - log_app - INFO - log message num: 9
2022-02-22 13:11:02,400 - log_app - INFO - log message num: 10
2022-02-22 13:11:02,701 - log_app - INFO - log message num: 11
2022-02-22 13:11:03,006 - log_app - INFO - log message num: 12
2022-02-22 13:11:03,312 - log_app - INFO - log message num: 13
2022-02-22 13:11:03,615 - log_app - INFO - log message num: 14
2022-02-22 13:11:03,920 - log_app - INFO - log message num: 15
2022-02-22 13:11:04,221 - log_app - INFO - log message num: 16
2022-02-22 13:11:04,527 - log_app - INFO - log message num: 17
2022-02-22 13:11:04,831 - log_app - INFO - log message num: 18
2022-02-22 13:11:05,137 - log_app - INFO - log message num: 19
2022-02-22 13:11:05,441 - log_app - INFO - log message num: 20
2022-02-22 13:11:05,747 - log_app - INFO - log message num: 21
2022-02-22 13:11:06,052 - log_app - INFO - log message num: 22
2022-02-22 13:11:06,358 - log_app - INFO - log message num: 23
2022-02-22 13:11:06,663 - log_app - INFO - log message num: 24
2022-02-22 13:11:06,969 - log_app - INFO - log message num: 25
2022-02-22 13:11:07,270 - log_app - INFO - log message num: 26
2022-02-22 13:11:07,572 - log_app - INFO - log message num: 27
2022-02-22 13:11:07,878 - log_app - INFO - log message num: 28
2022-02-22 13:11:08,184 - log_app - INFO - log message num: 29
2022-02-22 13:11:08,489 - log_app - INFO - log message num: 30
2022-02-22 13:11:08,795 - log_app - INFO - log message num: 31
2022-02-22 13:11:09,100 - log_app - INFO - log message num: 32
2022-02-22 13:11:09,406 - log_app - INFO - log message num: 33
2022-02-22 13:11:09,712 - log_app - INFO - log message num: 34
2022-02-22 13:11:10,018 - log_app - INFO - log message num: 35
2022-02-22 13:11:10,323 - log_app - INFO - log message num: 36
2022-02-22 13:11:10,627 - log_app - INFO - log message num: 37
2022-02-22 13:11:10,944 - log_app - INFO - log message num: 38
2022-02-22 13:11:11,249 - log_app - INFO - log message num: 39
2022-02-22 13:11:11,554 - log_app - INFO - log message num: 40
2022-02-22 13:11:11,858 - log_app - INFO - log message num: 41
2022-02-22 13:11:12,163 - log_app - INFO - log message num: 42
2022-02-22 13:11:12,469 - log_app - INFO - log message num: 43
2022-02-22 13:11:12,774 - log_app - INFO - log message num: 44
2022-02-22 13:11:13,079 - log_app - INFO - log message num: 45
2022-02-22 13:11:13,381 - log_app - INFO - log message num: 46
2022-02-22 13:11:13,682 - log_app - INFO - log message num: 47
2022-02-22 13:11:13,984 - log_app - INFO - log message num: 48
2022-02-22 13:11:14,289 - log_app - INFO - log message num: 49
2022-02-22 13:11:14,590 - log_app - INFO - log message num: 50
2022-02-22 13:11:14,895 - log_app - INFO - log message num: 51
2022-02-22 13:11:15,201 - log_app - INFO - log message num: 52
2022-02-22 13:11:15,506 - log_app - INFO - log message num: 53
2022-02-22 13:11:15,812 - log_app - INFO - log message num: 54
2022-02-22 13:11:16,117 - log_app - INFO - log message num: 55
2022-02-22 13:11:16,423 - log_app - INFO - log message num: 56
2022-02-22 13:11:16,724 - log_app - INFO - log message num: 57
2022-02-22 13:11:17,030 - log_app - INFO - log message num: 58
2022-02-22 13:11:17,336 - log_app - INFO - log message num: 59
2022-02-22 13:11:17,640 - log_app - INFO - log message num: 60
2022-02-22 13:11:17,945 - log_app - INFO - log message num: 61
2022-02-22 13:11:18,249 - log_app - INFO - log message num: 62
2022-02-22 13:11:18,554 - log_app - INFO - log message num: 63
2022-02-22 13:11:18,860 - log_app - INFO - log message num: 64
2022-02-22 13:11:19,165 - log_app - INFO - log message num: 65
2022-02-22 13:11:19,470 - log_app - INFO - log message num: 66
2022-02-22 13:11:19,776 - log_app - INFO - log message num: 67
2022-02-22 13:11:20,079 - log_app - INFO - log message num: 68
2022-02-22 13:11:20,385 - log_app - INFO - log message num: 69
2022-02-22 13:11:20,690 - log_app - INFO - log message num: 70
2022-02-22 13:11:20,995 - log_app - INFO - log message num: 71
2022-02-22 13:11:21,300 - log_app - INFO - log message num: 72
2022-02-22 13:11:21,606 - log_app - INFO - log message num: 73
2022-02-22 13:11:21,907 - log_app - INFO - log message num: 74
2022-02-22 13:11:22,207 - log_app - INFO - log message num: 75
2022-02-22 13:11:22,513 - log_app - INFO - log message num: 76
2022-02-22 13:11:22,818 - log_app - INFO - log message num: 77
2022-02-22 13:11:23,124 - log_app - INFO - log message num: 78
2022-02-22 13:11:23,431 - log_app - INFO - log message num: 79
2022-02-22 13:11:23,737 - log_app - INFO - log message num: 80
2022-02-22 13:11:24,038 - log_app - INFO - log message num: 81
2022-02-22 13:11:24,341 - log_app - INFO - log message num: 82
2022-02-22 13:11:24,641 - log_app - INFO - log message num: 83
2022-02-22 13:11:24,947 - log_app - INFO - log message num: 84
2022-02-22 13:11:25,252 - log_app - INFO - log message num: 85
2022-02-22 13:11:25,557 - log_app - INFO - log message num: 86
2022-02-22 13:11:25,862 - log_app - INFO - log message num: 87
2022-02-22 13:11:26,165 - log_app - INFO - log message num: 88
2022-02-22 13:11:26,468 - log_app - INFO - log message num: 89
2022-02-22 13:13:40,607 - log_app - INFO - log message num: 0
2022-02-22 13:13:40,913 - log_app - INFO - log message num: 1
2022-02-22 13:13:41,218 - log_app - INFO - log message num: 2
2022-02-22 13:13:41,522 - log_app - INFO - log message num: 3
2022-02-22 13:13:41,823 - log_app - INFO - log message num: 4
2022-02-22 13:13:42,128 - log_app - INFO - log message num: 5
2022-02-22 13:13:42,434 - log_app - INFO - log message num: 6
2022-02-22 13:13:42,738 - log_app - INFO - log message num: 7
2022-02-22 13:13:43,043 - log_app - INFO - log message num: 8
2022-02-22 13:13:43,349 - log_app - INFO - log message num: 9
2022-02-22 13:13:43,654 - log_app - INFO - log message num: 10
2022-02-22 13:13:43,957 - log_app - INFO - log message num: 11
2022-02-22 13:13:44,262 - log_app - INFO - log message num: 12
2022-02-22 13:13:44,565 - log_app - INFO - log message num: 13
2022-02-22 13:13:44,870 - log_app - INFO - log message num: 14
2022-02-22 13:13:45,176 - log_app - INFO - log message num: 15
2022-02-22 13:13:45,481 - log_app - INFO - log message num: 16
2022-02-22 13:13:45,787 - log_app - INFO - log message num: 17
2022-02-22 13:13:46,093 - log_app - INFO - log message num: 18
2022-02-22 13:13:46,398 - log_app - INFO - log message num: 19
2022-02-22 13:13:46,704 - log_app - INFO - log message num: 20
2022-02-22 13:13:47,010 - log_app - INFO - log message num: 21
2022-02-22 13:13:47,316 - log_app - INFO - log message num: 22
2022-02-22 13:13:47,620 - log_app - INFO - log message num: 23
2022-02-22 13:13:47,926 - log_app - INFO - log message num: 24
2022-02-22 13:13:48,232 - log_app - INFO - log message num: 25
2022-02-22 13:13:48,537 - log_app - INFO - log message num: 26
2022-02-22 13:13:48,839 - log_app - INFO - log message num: 27
2022-02-22 13:13:49,140 - log_app - INFO - log message num: 28
2022-02-22 13:13:49,441 - log_app - INFO - log message num: 29
2022-02-22 13:13:49,746 - log_app - INFO - log message num: 30
2022-02-22 13:13:50,051 - log_app - INFO - log message num: 31
2022-02-22 13:13:50,356 - log_app - INFO - log message num: 32
2022-02-22 13:13:50,662 - log_app - INFO - log message num: 33
2022-02-22 13:13:50,964 - log_app - INFO - log message num: 34
2022-02-22 13:13:51,266 - log_app - INFO - log message num: 35
2022-02-22 13:13:51,571 - log_app - INFO - log message num: 36
2022-02-22 13:13:51,873 - log_app - INFO - log message num: 37
2022-02-22 13:13:52,176 - log_app - INFO - log message num: 38
2022-02-22 13:13:52,481 - log_app - INFO - log message num: 39
2022-02-22 13:13:52,787 - log_app - INFO - log message num: 40
2022-02-22 13:13:53,093 - log_app - INFO - log message num: 41
2022-02-22 13:13:53,398 - log_app - INFO - log message num: 42
2022-02-22 13:13:53,702 - log_app - INFO - log message num: 43
2022-02-22 13:13:54,007 - log_app - INFO - log message num: 44
2022-02-22 13:13:54,312 - log_app - INFO - log message num: 45
2022-02-22 13:13:54,617 - log_app - INFO - log message num: 46
2022-02-22 13:13:54,922 - log_app - INFO - log message num: 47
2022-02-22 13:13:55,228 - log_app - INFO - log message num: 48
2022-02-22 13:13:55,531 - log_app - INFO - log message num: 49
2022-02-22 13:13:55,836 - log_app - INFO - log message num: 50
2022-02-22 13:13:56,142 - log_app - INFO - log message num: 51
2022-02-22 13:13:56,447 - log_app - INFO - log message num: 52
2022-02-22 13:13:56,753 - log_app - INFO - log message num: 53
2022-02-22 13:13:57,058 - log_app - INFO - log message num: 54
2022-02-22 13:13:57,364 - log_app - INFO - log message num: 55
2022-02-22 13:13:57,670 - log_app - INFO - log message num: 56
2022-02-22 13:13:57,974 - log_app - INFO - log message num: 57
2022-02-22 13:13:58,280 - log_app - INFO - log message num: 58
2022-02-22 13:13:58,584 - log_app - INFO - log message num: 59
2022-02-22 13:13:58,889 - log_app - INFO - log message num: 60
2022-02-22 13:13:59,195 - log_app - INFO - log message num: 61
2022-02-22 13:13:59,500 - log_app - INFO - log message num: 62
2022-02-22 13:13:59,805 - log_app - INFO - log message num: 63
2022-02-22 13:14:00,111 - log_app - INFO - log message num: 64
2022-02-22 13:14:00,411 - log_app - INFO - log message num: 65
2022-02-22 13:14:00,716 - log_app - INFO - log message num: 66
2022-02-22 13:14:01,021 - log_app - INFO - log message num: 67
2022-02-22 13:14:01,327 - log_app - INFO - log message num: 68
2022-02-22 13:14:01,632 - log_app - INFO - log message num: 69
2022-02-22 13:14:01,937 - log_app - INFO - log message num: 70
2022-02-22 13:14:02,243 - log_app - INFO - log message num: 71
2022-02-22 13:14:02,548 - log_app - INFO - log message num: 72
2022-02-22 13:14:02,854 - log_app - INFO - log message num: 73
2022-02-22 13:14:03,159 - log_app - INFO - log message num: 74
2022-02-22 13:14:03,464 - log_app - INFO - log message num: 75
2022-02-22 13:14:03,770 - log_app - INFO - log message num: 76
2022-02-22 13:14:04,072 - log_app - INFO - log message num: 77
2022-02-22 13:14:04,378 - log_app - INFO - log message num: 78
2022-02-22 13:14:04,682 - log_app - INFO - log message num: 79
2022-02-22 13:14:04,987 - log_app - INFO - log message num: 80
2022-02-22 13:14:05,290 - log_app - INFO - log message num: 81
2022-02-22 13:14:05,595 - log_app - INFO - log message num: 82
2022-02-22 13:14:05,896 - log_app - INFO - log message num: 83
2022-02-22 13:14:06,201 - log_app - INFO - log message num: 84
2022-02-22 13:14:06,507 - log_app - INFO - log message num: 85
2022-02-22 13:14:06,812 - log_app - INFO - log message num: 86
2022-02-22 13:14:07,117 - log_app - INFO - log message num: 87
2022-02-22 13:14:07,423 - log_app - INFO - log message num: 88
2022-02-22 13:14:07,724 - log_app - INFO - log message num: 89
2022-02-22 13:14:08,029 - log_app - INFO - log message num: 90
2022-02-22 13:14:08,330 - log_app - INFO - log message num: 91
2022-02-22 13:14:08,631 - log_app - INFO - log message num: 92
2022-02-22 13:14:08,936 - log_app - INFO - log message num: 93
2022-02-22 13:14:09,242 - log_app - INFO - log message num: 94
2022-02-22 13:14:09,547 - log_app - INFO - log message num: 95
2022-02-22 13:14:09,853 - log_app - INFO - log message num: 96
2022-02-22 13:14:10,158 - log_app - INFO - log message num: 97
2022-02-22 13:14:10,463 - log_app - INFO - log message num: 98
2022-02-22 13:14:10,768 - log_app - INFO - log message num: 99
2022-02-22 13:14:11,074 - log_app - INFO - log message num: 100
2022-02-22 13:14:11,390 - log_app - INFO - log message num: 101
2022-02-22 13:14:11,695 - log_app - INFO - log message num: 102
2022-02-22 13:14:11,998 - log_app - INFO - log message num: 103
2022-02-22 13:14:12,303 - log_app - INFO - log message num: 104
2022-02-22 13:14:12,605 - log_app - INFO - log message num: 105
2022-02-22 13:14:12,907 - log_app - INFO - log message num: 106
2022-02-22 13:14:13,212 - log_app - INFO - log message num: 107
2022-02-22 13:14:13,515 - log_app - INFO - log message num: 108
2022-02-22 13:14:13,821 - log_app - INFO - log message num: 109
2022-02-22 13:14:14,126 - log_app - INFO - log message num: 110
2022-02-22 13:14:14,432 - log_app - INFO - log message num: 111
2022-02-22 13:14:14,737 - log_app - INFO - log message num: 112
2022-02-22 13:14:15,041 - log_app - INFO - log message num: 113
2022-02-22 13:14:15,346 - log_app - INFO - log message num: 114
2022-02-22 13:14:15,651 - log_app - INFO - log message num: 115
2022-02-22 13:14:15,957 - log_app - INFO - log message num: 116
2022-02-22 13:14:16,262 - log_app - INFO - log message num: 117
2022-02-22 13:14:16,568 - log_app - INFO - log message num: 118
2022-02-22 13:14:16,873 - log_app - INFO - log message num: 119
2022-02-22 13:14:17,178 - log_app - INFO - log message num: 120
2022-02-22 13:14:17,481 - log_app - INFO - log message num: 121
2022-02-22 13:14:17,786 - log_app - INFO - log message num: 122
2022-02-22 13:14:18,092 - log_app - INFO - log message num: 123
2022-02-22 13:14:18,395 - log_app - INFO - log message num: 124
2022-02-22 13:14:18,700 - log_app - INFO - log message num: 125
2022-02-22 13:14:19,001 - log_app - INFO - log message num: 126
2022-02-22 13:14:19,307 - log_app - INFO - log message num: 127
2022-02-22 13:14:19,612 - log_app - INFO - log message num: 128
2022-02-22 13:14:19,918 - log_app - INFO - log message num: 129
2022-02-22 13:14:20,223 - log_app - INFO - log message num: 130
2022-02-22 13:14:20,526 - log_app - INFO - log message num: 131
2022-02-22 13:14:20,832 - log_app - INFO - log message num: 132
2022-02-22 13:14:21,137 - log_app - INFO - log message num: 133
2022-02-22 13:14:21,443 - log_app - INFO - log message num: 134
2022-02-22 13:14:21,744 - log_app - INFO - log message num: 135
2022-02-22 13:14:22,049 - log_app - INFO - log message num: 136
2022-02-22 13:14:22,354 - log_app - INFO - log message num: 137
2022-02-22 13:14:22,657 - log_app - INFO - log message num: 138
2022-02-22 13:14:22,959 - log_app - INFO - log message num: 139
2022-02-22 13:14:23,260 - log_app - INFO - log message num: 140
2022-02-22 13:14:23,566 - log_app - INFO - log message num: 141
2022-02-22 13:14:23,872 - log_app - INFO - log message num: 142
2022-02-22 13:14:24,177 - log_app - INFO - log message num: 143
2022-02-22 13:14:24,483 - log_app - INFO - log message num: 144
2022-02-22 13:14:24,785 - log_app - INFO - log message num: 145
2022-02-22 13:14:25,091 - log_app - INFO - log message num: 146
2022-02-22 13:14:25,392 - log_app - INFO - log message num: 147
2022-02-22 13:14:25,697 - log_app - INFO - log message num: 148
2022-02-22 13:14:25,999 - log_app - INFO - log message num: 149
2022-02-22 13:14:26,304 - log_app - INFO - log message num: 150
2022-02-22 13:14:26,609 - log_app - INFO - log message num: 151
2022-02-22 13:14:26,915 - log_app - INFO - log message num: 152
2022-02-22 13:14:27,217 - log_app - INFO - log message num: 153
2022-02-22 13:14:27,523 - log_app - INFO - log message num: 154
2022-02-22 13:14:27,828 - log_app - INFO - log message num: 155
2022-02-22 13:14:28,134 - log_app - INFO - log message num: 156
2022-02-22 13:14:28,440 - log_app - INFO - log message num: 157
2022-02-22 13:14:28,744 - log_app - INFO - log message num: 158
2022-02-22 13:14:29,049 - log_app - INFO - log message num: 159
2022-02-22 13:14:29,355 - log_app - INFO - log message num: 160
2022-02-22 13:14:29,661 - log_app - INFO - log message num: 161
2022-02-22 13:14:29,966 - log_app - INFO - log message num: 162
2022-02-22 13:14:30,280 - log_app - INFO - log message num: 163
2022-02-22 13:14:30,585 - log_app - INFO - log message num: 164
2022-02-22 13:14:30,888 - log_app - INFO - log message num: 165
2022-02-22 13:14:31,194 - log_app - INFO - log message num: 166
2022-02-22 13:14:31,500 - log_app - INFO - log message num: 167
2022-02-22 13:14:31,805 - log_app - INFO - log message num: 168
2022-02-22 13:14:32,107 - log_app - INFO - log message num: 169
2022-02-22 13:14:32,424 - log_app - INFO - log message num: 170
2022-02-22 13:14:32,730 - log_app - INFO - log message num: 171
2022-02-22 13:14:33,031 - log_app - INFO - log message num: 172
2022-02-22 13:14:33,337 - log_app - INFO - log message num: 173
2022-02-22 13:14:33,642 - log_app - INFO - log message num: 174
2022-02-22 13:14:33,948 - log_app - INFO - log message num: 175
2022-02-22 13:14:34,249 - log_app - INFO - log message num: 176
2022-02-22 13:14:34,555 - log_app - INFO - log message num: 177
2022-02-22 13:14:34,860 - log_app - INFO - log message num: 178
2022-02-22 13:14:35,166 - log_app - INFO - log message num: 179
2022-02-22 13:14:35,471 - log_app - INFO - log message num: 180
2022-02-22 13:14:35,777 - log_app - INFO - log message num: 181
2022-02-22 13:14:36,081 - log_app - INFO - log message num: 182
2022-02-22 13:14:36,382 - log_app - INFO - log message num: 183
2022-02-22 13:14:36,688 - log_app - INFO - log message num: 184
2022-02-22 13:14:36,993 - log_app - INFO - log message num: 185
2022-02-22 13:14:37,297 - log_app - INFO - log message num: 186
2022-02-22 13:14:37,602 - log_app - INFO - log message num: 187
2022-02-22 13:14:37,908 - log_app - INFO - log message num: 188
2022-02-22 13:14:38,212 - log_app - INFO - log message num: 189
2022-02-22 13:14:38,516 - log_app - INFO - log message num: 190
2022-02-22 13:14:38,822 - log_app - INFO - log message num: 191
2022-02-22 13:14:39,128 - log_app - INFO - log message num: 192
2022-02-22 13:14:39,434 - log_app - INFO - log message num: 193
2022-02-22 13:14:39,739 - log_app - INFO - log message num: 194
2022-02-22 13:14:40,045 - log_app - INFO - log message num: 195
2022-02-22 13:14:40,348 - log_app - INFO - log message num: 196
2022-02-22 13:14:40,652 - log_app - INFO - log message num: 197
2022-02-22 13:14:40,954 - log_app - INFO - log message num: 198
2022-02-22 13:14:41,260 - log_app - INFO - log message num: 199
2022-02-22 13:14:41,565 - log_app - INFO - log message num: 200
2022-02-22 13:14:41,871 - log_app - INFO - log message num: 201
2022-02-22 13:14:42,177 - log_app - INFO - log message num: 202
2022-02-22 13:14:42,482 - log_app - INFO - log message num: 203
2022-02-22 13:14:42,787 - log_app - INFO - log message num: 204
2022-02-22 13:14:43,089 - log_app - INFO - log message num: 205
2022-02-22 13:14:43,393 - log_app - INFO - log message num: 206
2022-02-22 13:14:43,699 - log_app - INFO - log message num: 207
2022-02-22 13:14:44,003 - log_app - INFO - log message num: 208
2022-02-22 13:14:44,309 - log_app - INFO - log message num: 209
2022-02-22 13:14:44,614 - log_app - INFO - log message num: 210
2022-02-22 13:14:44,920 - log_app - INFO - log message num: 211
2022-02-22 13:14:45,222 - log_app - INFO - log message num: 212
2022-02-22 13:14:45,528 - log_app - INFO - log message num: 213
2022-02-22 13:14:45,833 - log_app - INFO - log message num: 214
2022-02-22 13:14:46,139 - log_app - INFO - log message num: 215
2022-02-22 13:14:46,445 - log_app - INFO - log message num: 216
2022-02-22 13:14:46,751 - log_app - INFO - log message num: 217
2022-02-22 13:14:47,056 - log_app - INFO - log message num: 218
2022-02-22 13:14:47,362 - log_app - INFO - log message num: 219
2022-02-22 13:14:47,667 - log_app - INFO - log message num: 220
2022-02-22 13:14:47,973 - log_app - INFO - log message num: 221
2022-02-22 13:14:48,279 - log_app - INFO - log message num: 222
2022-02-22 13:14:48,584 - log_app - INFO - log message num: 223
2022-02-22 13:14:48,890 - log_app - INFO - log message num: 224
2022-02-22 13:14:49,196 - log_app - INFO - log message num: 225
2022-02-22 13:14:49,496 - log_app - INFO - log message num: 226
2022-02-22 13:14:49,802 - log_app - INFO - log message num: 227
2022-02-22 13:14:50,108 - log_app - INFO - log message num: 228
2022-02-22 13:14:50,412 - log_app - INFO - log message num: 229
2022-02-22 13:14:50,717 - log_app - INFO - log message num: 230
2022-02-22 13:14:51,023 - log_app - INFO - log message num: 231
2022-02-22 13:14:51,328 - log_app - INFO - log message num: 232
2022-02-22 13:14:51,634 - log_app - INFO - log message num: 233
2022-02-22 13:14:51,940 - log_app - INFO - log message num: 234
2022-02-22 13:14:52,246 - log_app - INFO - log message num: 235
2022-02-22 13:14:52,551 - log_app - INFO - log message num: 236
2022-02-22 13:14:52,857 - log_app - INFO - log message num: 237
2022-02-22 13:14:53,162 - log_app - INFO - log message num: 238
2022-02-22 13:14:53,468 - log_app - INFO - log message num: 239
2022-02-22 13:14:53,774 - log_app - INFO - log message num: 240
2022-02-22 13:14:54,075 - log_app - INFO - log message num: 241
2022-02-22 13:14:54,380 - log_app - INFO - log message num: 242
2022-02-22 13:14:54,686 - log_app - INFO - log message num: 243
2022-02-22 13:14:54,991 - log_app - INFO - log message num: 244
2022-02-22 13:14:55,294 - log_app - INFO - log message num: 245
2022-02-22 13:14:55,600 - log_app - INFO - log message num: 246
2022-02-22 13:14:55,906 - log_app - INFO - log message num: 247
2022-02-22 13:14:56,211 - log_app - INFO - log message num: 248
2022-02-22 13:14:56,517 - log_app - INFO - log message num: 249
2022-02-22 13:14:56,822 - log_app - INFO - log message num: 250
2022-02-22 13:14:57,128 - log_app - INFO - log message num: 251
2022-02-22 13:14:57,434 - log_app - INFO - log message num: 252
2022-02-22 13:14:57,739 - log_app - INFO - log message num: 253
2022-02-22 13:14:58,045 - log_app - INFO - log message num: 254
2022-02-22 13:14:58,350 - log_app - INFO - log message num: 255
2022-02-22 13:14:58,656 - log_app - INFO - log message num: 256
2022-02-22 13:14:58,961 - log_app - INFO - log message num: 257
2022-02-22 13:14:59,267 - log_app - INFO - log message num: 258
2022-02-22 13:14:59,573 - log_app - INFO - log message num: 259
2022-02-22 13:14:59,878 - log_app - INFO - log message num: 260
2022-02-22 13:15:00,181 - log_app - INFO - log message num: 261
2022-02-22 13:15:00,486 - log_app - INFO - log message num: 262
2022-02-22 13:15:00,788 - log_app - INFO - log message num: 263
2022-02-22 13:15:01,093 - log_app - INFO - log message num: 264
2022-02-22 13:15:01,399 - log_app - INFO - log message num: 265
2022-02-22 13:15:01,704 - log_app - INFO - log message num: 266
2022-02-22 13:15:02,007 - log_app - INFO - log message num: 267
2022-02-22 13:15:02,308 - log_app - INFO - log message num: 268
2022-02-22 13:15:02,613 - log_app - INFO - log message num: 269
2022-02-22 13:15:02,915 - log_app - INFO - log message num: 270
2022-02-22 13:15:03,219 - log_app - INFO - log message num: 271
2022-02-22 13:15:03,521 - log_app - INFO - log message num: 272
2022-02-22 13:15:03,826 - log_app - INFO - log message num: 273
2022-02-22 13:15:04,131 - log_app - INFO - log message num: 274
2022-02-22 13:15:04,434 - log_app - INFO - log message num: 275
2022-02-22 13:15:04,741 - log_app - INFO - log message num: 276
2022-02-22 13:15:05,046 - log_app - INFO - log message num: 277
2022-02-22 13:15:05,348 - log_app - INFO - log message num: 278
2022-02-22 13:15:05,654 - log_app - INFO - log message num: 279
2022-02-22 13:15:05,957 - log_app - INFO - log message num: 280
2022-02-22 13:15:06,262 - log_app - INFO - log message num: 281
2022-02-22 13:15:06,564 - log_app - INFO - log message num: 282
2022-02-22 13:15:06,865 - log_app - INFO - log message num: 283
2022-02-22 13:15:07,171 - log_app - INFO - log message num: 284
2022-02-22 13:15:07,472 - log_app - INFO - log message num: 285
2022-02-22 13:15:07,777 - log_app - INFO - log message num: 286
2022-02-22 13:15:08,081 - log_app - INFO - log message num: 287
2022-02-22 13:15:08,384 - log_app - INFO - log message num: 288
2022-02-22 13:15:08,690 - log_app - INFO - log message num: 289
2022-02-22 13:15:08,991 - log_app - INFO - log message num: 290
2022-02-22 13:15:09,296 - log_app - INFO - log message num: 291
2022-02-22 13:15:09,601 - log_app - INFO - log message num: 292
2022-02-22 13:15:09,907 - log_app - INFO - log message num: 293
2022-02-22 13:15:10,211 - log_app - INFO - log message num: 294
2022-02-22 13:15:10,517 - log_app - INFO - log message num: 295
2022-02-22 13:15:10,822 - log_app - INFO - log message num: 296
2022-02-22 13:15:11,124 - log_app - INFO - log message num: 297
2022-02-22 13:15:11,430 - log_app - INFO - log message num: 298
2022-02-22 13:15:11,734 - log_app - INFO - log message num: 299
2022-02-22 13:15:12,040 - log_app - INFO - log message num: 300
2022-02-22 13:15:12,345 - log_app - INFO - log message num: 301
2022-02-22 13:15:12,648 - log_app - INFO - log message num: 302
2022-02-22 13:15:12,949 - log_app - INFO - log message num: 303
2022-02-22 13:15:13,250 - log_app - INFO - log message num: 304
2022-02-22 13:15:13,551 - log_app - INFO - log message num: 305
2022-02-22 13:15:13,856 - log_app - INFO - log message num: 306
2022-02-22 13:15:14,161 - log_app - INFO - log message num: 307
2022-02-22 13:15:14,465 - log_app - INFO - log message num: 308
2022-02-22 13:15:14,770 - log_app - INFO - log message num: 309
2022-02-22 13:15:15,076 - log_app - INFO - log message num: 310
2022-02-22 13:15:15,379 - log_app - INFO - log message num: 311
2022-02-22 13:15:15,684 - log_app - INFO - log message num: 312
2022-02-22 13:15:15,989 - log_app - INFO - log message num: 313
2022-02-22 13:15:16,290 - log_app - INFO - log message num: 314
2022-02-22 13:15:16,596 - log_app - INFO - log message num: 315
2022-02-22 13:15:16,898 - log_app - INFO - log message num: 316
2022-02-22 13:15:17,200 - log_app - INFO - log message num: 317
2022-02-22 13:15:17,502 - log_app - INFO - log message num: 318
2022-02-22 13:15:17,804 - log_app - INFO - log message num: 319
2022-02-22 13:15:18,107 - log_app - INFO - log message num: 320
2022-02-22 13:15:18,412 - log_app - INFO - log message num: 321
2022-02-22 13:15:18,727 - log_app - INFO - log message num: 322
2022-02-22 13:15:19,028 - log_app - INFO - log message num: 323
2022-02-22 13:15:19,331 - log_app - INFO - log message num: 324
2022-02-22 13:15:19,636 - log_app - INFO - log message num: 325
2022-02-22 13:15:19,939 - log_app - INFO - log message num: 326
2022-02-22 13:15:20,241 - log_app - INFO - log message num: 327
2022-02-22 13:15:20,547 - log_app - INFO - log message num: 328
2022-02-22 13:15:20,852 - log_app - INFO - log message num: 329
2022-02-22 13:15:21,158 - log_app - INFO - log message num: 330
2022-02-22 13:15:21,463 - log_app - INFO - log message num: 331
2022-02-22 13:15:21,768 - log_app - INFO - log message num: 332
2022-02-22 13:15:22,073 - log_app - INFO - log message num: 333
2022-02-22 13:15:22,379 - log_app - INFO - log message num: 334
2022-02-22 13:15:22,684 - log_app - INFO - log message num: 335
2022-02-22 13:15:22,990 - log_app - INFO - log message num: 336
2022-02-22 13:15:23,295 - log_app - INFO - log message num: 337
2022-02-22 13:15:23,596 - log_app - INFO - log message num: 338
2022-02-22 13:15:23,901 - log_app - INFO - log message num: 339
2022-02-22 13:15:24,210 - log_app - INFO - log message num: 340
2022-02-22 13:15:24,516 - log_app - INFO - log message num: 341
2022-02-22 13:15:24,818 - log_app - INFO - log message num: 342
2022-02-22 13:15:25,124 - log_app - INFO - log message num: 343
2022-02-22 13:15:25,429 - log_app - INFO - log message num: 344
2022-02-22 13:15:25,734 - log_app - INFO - log message num: 345
2022-02-22 13:15:26,039 - log_app - INFO - log message num: 346
2022-02-22 13:15:26,345 - log_app - INFO - log message num: 347
2022-02-22 13:15:26,648 - log_app - INFO - log message num: 348
2022-02-22 13:15:26,953 - log_app - INFO - log message num: 349
2022-02-22 13:15:27,257 - log_app - INFO - log message num: 350
2022-02-22 13:15:27,557 - log_app - INFO - log message num: 351
2022-02-22 13:15:27,861 - log_app - INFO - log message num: 352
2022-02-22 13:15:28,166 - log_app - INFO - log message num: 353
2022-02-22 13:15:28,472 - log_app - INFO - log message num: 354
2022-02-22 13:15:28,776 - log_app - INFO - log message num: 355
2022-02-22 13:15:29,081 - log_app - INFO - log message num: 356
2022-02-22 13:15:29,387 - log_app - INFO - log message num: 357
2022-02-22 13:15:29,689 - log_app - INFO - log message num: 358
2022-02-22 13:15:29,990 - log_app - INFO - log message num: 359
2022-02-22 13:15:30,291 - log_app - INFO - log message num: 360
2022-02-22 13:15:30,594 - log_app - INFO - log message num: 361
2022-02-22 13:15:30,896 - log_app - INFO - log message num: 362
2022-02-22 13:15:31,201 - log_app - INFO - log message num: 363
2022-02-22 13:15:31,507 - log_app - INFO - log message num: 364
2022-02-22 13:15:31,811 - log_app - INFO - log message num: 365
2022-02-22 13:15:32,116 - log_app - INFO - log message num: 366
2022-02-22 13:15:32,422 - log_app - INFO - log message num: 367
2022-02-22 13:15:32,724 - log_app - INFO - log message num: 368
2022-02-22 13:15:33,028 - log_app - INFO - log message num: 369
2022-02-22 13:15:33,334 - log_app - INFO - log message num: 370
2022-02-22 13:15:33,639 - log_app - INFO - log message num: 371
2022-02-22 13:15:33,941 - log_app - INFO - log message num: 372
2022-02-22 13:15:34,246 - log_app - INFO - log message num: 373
2022-02-22 13:15:34,554 - log_app - INFO - log message num: 374
2022-02-22 13:15:34,859 - log_app - INFO - log message num: 375
2022-02-22 13:15:35,174 - log_app - INFO - log message num: 376
2022-02-22 13:15:35,480 - log_app - INFO - log message num: 377
2022-02-22 13:15:35,782 - log_app - INFO - log message num: 378
2022-02-22 13:15:36,087 - log_app - INFO - log message num: 379
2022-02-22 13:15:36,390 - log_app - INFO - log message num: 380
2022-02-22 13:15:36,695 - log_app - INFO - log message num: 381
2022-02-22 13:15:36,998 - log_app - INFO - log message num: 382
2022-02-22 13:15:37,298 - log_app - INFO - log message num: 383
2022-02-22 13:15:37,599 - log_app - INFO - log message num: 384
2022-02-22 13:15:37,905 - log_app - INFO - log message num: 385
2022-02-22 13:15:38,207 - log_app - INFO - log message num: 386
2022-02-22 13:15:38,509 - log_app - INFO - log message num: 387
2022-02-22 13:15:38,828 - log_app - INFO - log message num: 388
2022-02-22 13:15:39,129 - log_app - INFO - log message num: 389
2022-02-22 13:15:39,434 - log_app - INFO - log message num: 390
2022-02-22 13:15:39,739 - log_app - INFO - log message num: 391
2022-02-22 13:15:40,044 - log_app - INFO - log message num: 392
2022-02-22 13:15:40,348 - log_app - INFO - log message num: 393
2022-02-22 13:15:40,653 - log_app - INFO - log message num: 394
2022-02-22 13:15:40,959 - log_app - INFO - log message num: 395
2022-02-22 13:15:41,264 - log_app - INFO - log message num: 396
2022-02-22 13:15:41,570 - log_app - INFO - log message num: 397
2022-02-22 13:15:41,875 - log_app - INFO - log message num: 398
2022-02-22 13:15:42,177 - log_app - INFO - log message num: 399
2022-02-22 13:15:42,480 - log_app - INFO - log message num: 400
2022-02-22 13:15:42,780 - log_app - INFO - log message num: 401
2022-02-22 13:15:43,086 - log_app - INFO - log message num: 402
2022-02-22 13:15:43,390 - log_app - INFO - log message num: 403
2022-02-22 13:15:43,693 - log_app - INFO - log message num: 404
2022-02-22 13:15:43,998 - log_app - INFO - log message num: 405
2022-02-22 13:15:44,302 - log_app - INFO - log message num: 406
2022-02-22 13:15:44,604 - log_app - INFO - log message num: 407
2022-02-22 13:15:44,910 - log_app - INFO - log message num: 408
2022-02-22 13:15:45,215 - log_app - INFO - log message num: 409
2022-02-22 13:15:45,521 - log_app - INFO - log message num: 410
2022-02-22 13:15:45,823 - log_app - INFO - log message num: 411
2022-02-22 13:15:46,128 - log_app - INFO - log message num: 412
2022-02-22 13:15:46,434 - log_app - INFO - log message num: 413
2022-02-22 13:15:46,736 - log_app - INFO - log message num: 414
2022-02-22 13:15:47,041 - log_app - INFO - log message num: 415
2022-02-22 13:15:47,347 - log_app - INFO - log message num: 416
2022-02-22 13:15:47,649 - log_app - INFO - log message num: 417
2022-02-22 13:15:47,955 - log_app - INFO - log message num: 418
2022-02-22 13:15:48,258 - log_app - INFO - log message num: 419
2022-02-22 13:15:48,562 - log_app - INFO - log message num: 420
2022-02-22 13:15:48,864 - log_app - INFO - log message num: 421
2022-02-22 13:15:49,167 - log_app - INFO - log message num: 422
2022-02-22 13:15:49,472 - log_app - INFO - log message num: 423
2022-02-22 13:15:49,776 - log_app - INFO - log message num: 424
2022-02-22 13:15:50,080 - log_app - INFO - log message num: 425
2022-02-22 13:15:50,381 - log_app - INFO - log message num: 426
2022-02-22 13:15:50,687 - log_app - INFO - log message num: 427
2022-02-22 13:15:50,989 - log_app - INFO - log message num: 428
2022-02-22 13:15:51,295 - log_app - INFO - log message num: 429
2022-02-22 13:15:51,596 - log_app - INFO - log message num: 430
2022-02-22 13:15:51,902 - log_app - INFO - log message num: 431
2022-02-22 13:15:52,207 - log_app - INFO - log message num: 432
2022-02-22 13:15:52,508 - log_app - INFO - log message num: 433
2022-02-22 13:15:52,814 - log_app - INFO - log message num: 434
2022-02-22 13:15:53,117 - log_app - INFO - log message num: 435
2022-02-22 13:15:53,422 - log_app - INFO - log message num: 436
2022-02-22 13:15:53,723 - log_app - INFO - log message num: 437
2022-02-22 13:15:54,029 - log_app - INFO - log message num: 438
2022-02-22 13:15:54,333 - log_app - INFO - log message num: 439
2022-02-22 13:15:54,638 - log_app - INFO - log message num: 440
2022-02-22 13:15:54,943 - log_app - INFO - log message num: 441
2022-02-22 13:15:55,249 - log_app - INFO - log message num: 442
2022-02-22 13:15:55,553 - log_app - INFO - log message num: 443
2022-02-22 13:15:55,856 - log_app - INFO - log message num: 444
2022-02-22 13:15:56,161 - log_app - INFO - log message num: 445
2022-02-22 13:15:56,467 - log_app - INFO - log message num: 446
2022-02-22 13:15:56,771 - log_app - INFO - log message num: 447
2022-02-22 13:15:57,076 - log_app - INFO - log message num: 448
2022-02-22 13:15:57,378 - log_app - INFO - log message num: 449
2022-02-22 13:15:57,683 - log_app - INFO - log message num: 450
2022-02-22 13:15:57,989 - log_app - INFO - log message num: 451
2022-02-22 13:15:58,294 - log_app - INFO - log message num: 452
2022-02-22 13:15:58,599 - log_app - INFO - log message num: 453
2022-02-22 13:15:58,904 - log_app - INFO - log message num: 454
2022-02-22 13:15:59,205 - log_app - INFO - log message num: 455
2022-02-22 13:15:59,510 - log_app - INFO - log message num: 456
2022-02-22 13:15:59,812 - log_app - INFO - log message num: 457
2022-02-22 13:16:00,117 - log_app - INFO - log message num: 458
2022-02-22 13:16:00,421 - log_app - INFO - log message num: 459
2022-02-22 13:16:00,725 - log_app - INFO - log message num: 460
2022-02-22 13:16:01,030 - log_app - INFO - log message num: 461
2022-02-22 13:16:01,333 - log_app - INFO - log message num: 462
2022-02-22 13:16:01,639 - log_app - INFO - log message num: 463
2022-02-22 13:16:01,944 - log_app - INFO - log message num: 464
2022-02-22 13:16:02,246 - log_app - INFO - log message num: 465
2022-02-22 13:16:02,547 - log_app - INFO - log message num: 466
2022-02-22 13:16:02,848 - log_app - INFO - log message num: 467
2022-02-22 13:16:03,153 - log_app - INFO - log message num: 468
2022-02-22 13:16:03,458 - log_app - INFO - log message num: 469
2022-02-22 13:16:03,764 - log_app - INFO - log message num: 470
2022-02-22 13:16:04,067 - log_app - INFO - log message num: 471
2022-02-22 13:16:04,372 - log_app - INFO - log message num: 472
2022-02-22 13:16:04,677 - log_app - INFO - log message num: 473
2022-02-22 13:16:04,983 - log_app - INFO - log message num: 474
2022-02-22 13:16:05,286 - log_app - INFO - log message num: 475
2022-02-22 13:16:05,588 - log_app - INFO - log message num: 476
2022-02-22 13:16:05,894 - log_app - INFO - log message num: 477
2022-02-22 13:16:06,198 - log_app - INFO - log message num: 478
2022-02-22 13:16:06,503 - log_app - INFO - log message num: 479
2022-02-22 13:16:06,809 - log_app - INFO - log message num: 480
2022-02-22 13:16:07,113 - log_app - INFO - log message num: 481
2022-02-22 13:16:07,418 - log_app - INFO - log message num: 482
2022-02-22 13:16:07,737 - log_app - INFO - log message num: 483
2022-02-22 13:16:08,042 - log_app - INFO - log message num: 484
2022-02-22 13:16:08,345 - log_app - INFO - log message num: 485
2022-02-22 13:16:08,650 - log_app - INFO - log message num: 486
2022-02-22 13:16:08,951 - log_app - INFO - log message num: 487
2022-02-22 13:16:09,256 - log_app - INFO - log message num: 488
2022-02-22 13:16:09,561 - log_app - INFO - log message num: 489
2022-02-22 13:16:09,865 - log_app - INFO - log message num: 490
2022-02-22 13:16:10,167 - log_app - INFO - log message num: 491
2022-02-22 13:16:10,473 - log_app - INFO - log message num: 492
2022-02-22 13:16:10,773 - log_app - INFO - log message num: 493
2022-02-22 13:16:11,079 - log_app - INFO - log message num: 494
2022-02-22 13:16:11,381 - log_app - INFO - log message num: 495
2022-02-22 13:16:11,686 - log_app - INFO - log message num: 496
2022-02-22 13:16:11,992 - log_app - INFO - log message num: 497
2022-02-22 13:16:12,297 - log_app - INFO - log message num: 498
2022-02-22 13:16:12,603 - log_app - INFO - log message num: 499
2022-02-22 13:16:12,909 - log_app - INFO - log message num: 500
2022-02-22 13:16:13,214 - log_app - INFO - log message num: 501
2022-02-22 13:16:13,520 - log_app - INFO - log message num: 502
2022-02-22 13:16:13,823 - log_app - INFO - log message num: 503
2022-02-22 13:16:14,128 - log_app - INFO - log message num: 504
2022-02-22 13:16:14,434 - log_app - INFO - log message num: 505
2022-02-22 13:16:14,738 - log_app - INFO - log message num: 506
2022-02-22 13:16:15,043 - log_app - INFO - log message num: 507
2022-02-22 13:16:15,348 - log_app - INFO - log message num: 508
2022-02-22 13:16:15,654 - log_app - INFO - log message num: 509
2022-02-22 13:16:15,959 - log_app - INFO - log message num: 510
2022-02-22 13:16:16,261 - log_app - INFO - log message num: 511
2022-02-22 13:16:16,566 - log_app - INFO - log message num: 512
2022-02-22 13:16:16,872 - log_app - INFO - log message num: 513
2022-02-22 13:16:17,174 - log_app - INFO - log message num: 514
2022-02-22 13:16:17,474 - log_app - INFO - log message num: 515
2022-02-22 13:16:17,780 - log_app - INFO - log message num: 516
2022-02-22 13:16:18,085 - log_app - INFO - log message num: 517
2022-02-22 13:16:18,390 - log_app - INFO - log message num: 518
2022-02-22 13:16:18,695 - log_app - INFO - log message num: 519
2022-02-22 13:16:19,000 - log_app - INFO - log message num: 520
2022-02-22 13:16:19,306 - log_app - INFO - log message num: 521
2022-02-22 13:16:19,610 - log_app - INFO - log message num: 522
2022-02-22 13:16:19,923 - log_app - INFO - log message num: 523
2022-02-22 13:16:20,229 - log_app - INFO - log message num: 524
2022-02-22 13:16:20,534 - log_app - INFO - log message num: 525
2022-02-22 13:16:20,836 - log_app - INFO - log message num: 526
2022-02-22 13:16:21,139 - log_app - INFO - log message num: 527
2022-02-22 13:16:21,444 - log_app - INFO - log message num: 528
2022-02-22 13:16:21,749 - log_app - INFO - log message num: 529
2022-02-22 13:16:22,054 - log_app - INFO - log message num: 530
2022-02-22 13:16:22,360 - log_app - INFO - log message num: 531
2022-02-22 13:16:22,665 - log_app - INFO - log message num: 532
2022-02-22 13:16:22,971 - log_app - INFO - log message num: 533
2022-02-22 13:16:23,277 - log_app - INFO - log message num: 534
2022-02-22 13:16:23,582 - log_app - INFO - log message num: 535
2022-02-22 13:16:23,887 - log_app - INFO - log message num: 536
2022-02-22 13:16:24,188 - log_app - INFO - log message num: 537
2022-02-22 13:16:24,489 - log_app - INFO - log message num: 538
2022-02-22 13:16:24,790 - log_app - INFO - log message num: 539
2022-02-22 13:16:25,095 - log_app - INFO - log message num: 540
2022-02-22 13:22:18,686 - log_app - INFO - log message num: 0
2022-02-22 13:22:18,992 - log_app - INFO - log message num: 1
2022-02-22 13:22:19,297 - log_app - INFO - log message num: 2
2022-02-22 13:22:19,603 - log_app - INFO - log message num: 3
2022-02-22 13:22:19,904 - log_app - INFO - log message num: 4
2022-02-22 13:22:20,210 - log_app - INFO - log message num: 5
2022-02-22 13:22:20,511 - log_app - INFO - log message num: 6
2022-02-22 13:22:20,816 - log_app - INFO - log message num: 7
2022-02-22 13:22:21,122 - log_app - INFO - log message num: 8
2022-02-22 13:22:21,427 - log_app - INFO - log message num: 9
2022-02-22 13:22:21,733 - log_app - INFO - log message num: 10
2022-02-22 13:22:22,039 - log_app - INFO - log message num: 11
2022-02-22 13:22:22,341 - log_app - INFO - log message num: 12
2022-02-22 13:22:22,647 - log_app - INFO - log message num: 13
2022-02-22 13:22:22,952 - log_app - INFO - log message num: 14
2022-02-22 13:22:23,257 - log_app - INFO - log message num: 15
2022-02-22 13:22:23,563 - log_app - INFO - log message num: 16
2022-02-22 13:22:23,869 - log_app - INFO - log message num: 17
2022-02-22 13:22:24,170 - log_app - INFO - log message num: 18
2022-02-22 13:22:24,476 - log_app - INFO - log message num: 19
2022-02-22 13:22:24,777 - log_app - INFO - log message num: 20
2022-02-22 13:22:25,083 - log_app - INFO - log message num: 21
2022-02-22 13:22:25,385 - log_app - INFO - log message num: 22
2022-02-22 13:22:25,686 - log_app - INFO - log message num: 23
2022-02-22 13:22:25,991 - log_app - INFO - log message num: 24
2022-02-22 13:22:26,296 - log_app - INFO - log message num: 25
2022-02-22 13:22:26,602 - log_app - INFO - log message num: 26
2022-02-22 13:22:26,907 - log_app - INFO - log message num: 27
2022-02-22 13:22:27,213 - log_app - INFO - log message num: 28
2022-02-22 13:22:27,519 - log_app - INFO - log message num: 29
2022-02-22 13:22:27,820 - log_app - INFO - log message num: 30
2022-02-22 13:22:28,125 - log_app - INFO - log message num: 31
2022-02-22 13:22:28,431 - log_app - INFO - log message num: 32
2022-02-22 13:22:28,736 - log_app - INFO - log message num: 33
2022-02-22 13:22:29,041 - log_app - INFO - log message num: 34
2022-02-22 13:22:29,345 - log_app - INFO - log message num: 35
2022-02-22 13:22:29,650 - log_app - INFO - log message num: 36
2022-02-22 13:22:29,954 - log_app - INFO - log message num: 37
2022-02-22 13:22:30,259 - log_app - INFO - log message num: 38
2022-02-22 13:22:30,564 - log_app - INFO - log message num: 39
2022-02-22 13:22:30,870 - log_app - INFO - log message num: 40
2022-02-22 13:22:31,175 - log_app - INFO - log message num: 41
2022-02-22 13:22:31,481 - log_app - INFO - log message num: 42
2022-02-22 13:22:31,787 - log_app - INFO - log message num: 43
2022-02-22 13:22:32,088 - log_app - INFO - log message num: 44
2022-02-22 13:22:32,394 - log_app - INFO - log message num: 45
2022-02-22 13:22:32,695 - log_app - INFO - log message num: 46
2022-02-22 13:22:32,998 - log_app - INFO - log message num: 47
2022-02-22 13:22:33,304 - log_app - INFO - log message num: 48
2022-02-22 13:22:33,609 - log_app - INFO - log message num: 49
2022-02-22 13:22:33,911 - log_app - INFO - log message num: 50
2022-02-22 13:22:34,213 - log_app - INFO - log message num: 51
2022-02-22 13:22:34,517 - log_app - INFO - log message num: 52
2022-02-22 13:22:34,823 - log_app - INFO - log message num: 53
2022-02-22 13:22:35,128 - log_app - INFO - log message num: 54
2022-02-22 13:22:35,432 - log_app - INFO - log message num: 55
2022-02-22 13:22:35,737 - log_app - INFO - log message num: 56
2022-02-22 13:22:36,040 - log_app - INFO - log message num: 57
2022-02-22 13:22:36,353 - log_app - INFO - log message num: 58
2022-02-22 13:22:36,658 - log_app - INFO - log message num: 59
2022-02-22 13:22:36,963 - log_app - INFO - log message num: 60
2022-02-22 13:22:37,268 - log_app - INFO - log message num: 61
2022-02-22 13:22:37,573 - log_app - INFO - log message num: 62
2022-02-22 13:22:37,874 - log_app - INFO - log message num: 63
2022-02-22 13:22:38,176 - log_app - INFO - log message num: 64
2022-02-22 13:22:38,479 - log_app - INFO - log message num: 65
2022-02-22 13:22:38,784 - log_app - INFO - log message num: 66
2022-02-22 13:22:39,087 - log_app - INFO - log message num: 67
2022-02-22 13:22:39,391 - log_app - INFO - log message num: 68
2022-02-22 13:22:39,696 - log_app - INFO - log message num: 69
2022-02-22 13:22:40,001 - log_app - INFO - log message num: 70
2022-02-22 13:22:40,306 - log_app - INFO - log message num: 71
2022-02-22 13:22:40,610 - log_app - INFO - log message num: 72
2022-02-22 13:22:40,915 - log_app - INFO - log message num: 73
2022-02-22 13:22:41,220 - log_app - INFO - log message num: 74
2022-02-22 13:22:41,525 - log_app - INFO - log message num: 75
2022-02-22 13:22:41,831 - log_app - INFO - log message num: 76
2022-02-22 13:22:42,137 - log_app - INFO - log message num: 77
2022-02-22 13:22:42,442 - log_app - INFO - log message num: 78
2022-02-22 13:22:42,747 - log_app - INFO - log message num: 79
2022-02-22 13:22:43,051 - log_app - INFO - log message num: 80
2022-02-22 13:22:43,357 - log_app - INFO - log message num: 81
2022-02-22 13:22:43,661 - log_app - INFO - log message num: 82
2022-02-22 13:22:43,966 - log_app - INFO - log message num: 83
2022-02-22 13:22:44,268 - log_app - INFO - log message num: 84
2022-02-22 13:22:44,569 - log_app - INFO - log message num: 85
2022-02-22 13:22:44,874 - log_app - INFO - log message num: 86
2022-02-22 13:22:45,178 - log_app - INFO - log message num: 87
2022-02-22 13:22:45,483 - log_app - INFO - log message num: 88
2022-02-22 13:22:45,784 - log_app - INFO - log message num: 89
2022-02-22 13:22:46,090 - log_app - INFO - log message num: 90
2022-02-22 13:22:46,395 - log_app - INFO - log message num: 91
2022-02-22 13:22:46,701 - log_app - INFO - log message num: 92
2022-02-22 13:22:47,006 - log_app - INFO - log message num: 93
2022-02-22 13:22:47,310 - log_app - INFO - log message num: 94
2022-02-22 13:22:47,616 - log_app - INFO - log message num: 95
2022-02-22 13:22:47,921 - log_app - INFO - log message num: 96
2022-02-22 13:22:48,223 - log_app - INFO - log message num: 97
2022-02-22 13:22:48,529 - log_app - INFO - log message num: 98
2022-02-22 13:22:48,833 - log_app - INFO - log message num: 99
2022-02-22 13:22:49,138 - log_app - INFO - log message num: 100
2022-02-22 13:22:49,439 - log_app - INFO - log message num: 101
2022-02-22 13:22:49,745 - log_app - INFO - log message num: 102
2022-02-22 13:22:50,050 - log_app - INFO - log message num: 103
2022-02-22 13:22:50,355 - log_app - INFO - log message num: 104
2022-02-22 13:22:50,660 - log_app - INFO - log message num: 105
2022-02-22 13:22:50,963 - log_app - INFO - log message num: 106
2022-02-22 13:22:51,268 - log_app - INFO - log message num: 107
2022-02-22 13:22:51,574 - log_app - INFO - log message num: 108
2022-02-22 13:22:51,879 - log_app - INFO - log message num: 109
2022-02-22 13:22:52,181 - log_app - INFO - log message num: 110
2022-02-22 13:22:52,485 - log_app - INFO - log message num: 111
2022-02-22 13:22:52,791 - log_app - INFO - log message num: 112
2022-02-22 13:22:53,095 - log_app - INFO - log message num: 113
2022-02-22 13:22:53,401 - log_app - INFO - log message num: 114
2022-02-22 13:22:53,702 - log_app - INFO - log message num: 115
2022-02-22 13:22:54,005 - log_app - INFO - log message num: 116
2022-02-22 13:22:54,311 - log_app - INFO - log message num: 117
2022-02-22 13:22:54,616 - log_app - INFO - log message num: 118
2022-02-22 13:22:54,921 - log_app - INFO - log message num: 119
2022-02-22 13:22:55,226 - log_app - INFO - log message num: 120
2022-02-22 13:22:55,530 - log_app - INFO - log message num: 121
2022-02-22 13:22:55,835 - log_app - INFO - log message num: 122
2022-02-22 13:22:56,140 - log_app - INFO - log message num: 123
2022-02-22 13:22:56,445 - log_app - INFO - log message num: 124
2022-02-22 13:22:56,751 - log_app - INFO - log message num: 125
2022-02-22 13:22:57,052 - log_app - INFO - log message num: 126
2022-02-22 13:22:57,358 - log_app - INFO - log message num: 127
2022-02-22 13:22:57,663 - log_app - INFO - log message num: 128
2022-02-22 13:22:57,965 - log_app - INFO - log message num: 129
2022-02-22 13:22:58,270 - log_app - INFO - log message num: 130
2022-02-22 13:22:58,576 - log_app - INFO - log message num: 131
2022-02-22 13:22:58,880 - log_app - INFO - log message num: 132
2022-02-22 13:22:59,184 - log_app - INFO - log message num: 133
2022-02-22 13:22:59,490 - log_app - INFO - log message num: 134
2022-02-22 13:22:59,795 - log_app - INFO - log message num: 135
2022-02-22 13:23:00,101 - log_app - INFO - log message num: 136
2022-02-22 13:23:00,406 - log_app - INFO - log message num: 137
2022-02-22 13:23:00,711 - log_app - INFO - log message num: 138
2022-02-22 13:23:01,012 - log_app - INFO - log message num: 139
2022-02-22 13:23:01,318 - log_app - INFO - log message num: 140
2022-02-22 13:23:01,623 - log_app - INFO - log message num: 141
2022-02-22 13:23:01,929 - log_app - INFO - log message num: 142
2022-02-22 13:23:02,235 - log_app - INFO - log message num: 143
2022-02-22 13:23:02,540 - log_app - INFO - log message num: 144
2022-02-22 13:23:02,844 - log_app - INFO - log message num: 145
2022-02-22 13:23:03,147 - log_app - INFO - log message num: 146
2022-02-22 13:23:03,452 - log_app - INFO - log message num: 147
2022-02-22 13:23:03,753 - log_app - INFO - log message num: 148
2022-02-22 13:23:04,058 - log_app - INFO - log message num: 149
2022-02-22 13:23:04,363 - log_app - INFO - log message num: 150
2022-02-22 13:23:04,668 - log_app - INFO - log message num: 151
2022-02-22 13:23:04,973 - log_app - INFO - log message num: 152
2022-02-22 13:23:05,278 - log_app - INFO - log message num: 153
2022-02-22 13:23:05,583 - log_app - INFO - log message num: 154
2022-02-22 13:23:05,889 - log_app - INFO - log message num: 155
2022-02-22 13:23:06,194 - log_app - INFO - log message num: 156
2022-02-22 13:23:06,498 - log_app - INFO - log message num: 157
2022-02-22 13:23:06,802 - log_app - INFO - log message num: 158
2022-02-22 13:23:07,107 - log_app - INFO - log message num: 159
2022-02-22 13:23:07,412 - log_app - INFO - log message num: 160
2022-02-22 13:23:07,717 - log_app - INFO - log message num: 161
2022-02-22 13:23:08,022 - log_app - INFO - log message num: 162
2022-02-22 13:23:08,326 - log_app - INFO - log message num: 163
2022-02-22 13:23:08,632 - log_app - INFO - log message num: 164
2022-02-22 13:23:08,938 - log_app - INFO - log message num: 165
2022-02-22 13:23:09,243 - log_app - INFO - log message num: 166
2022-02-22 13:23:09,544 - log_app - INFO - log message num: 167
2022-02-22 13:23:09,850 - log_app - INFO - log message num: 168
2022-02-22 13:23:10,156 - log_app - INFO - log message num: 169
2022-02-22 13:23:10,461 - log_app - INFO - log message num: 170
2022-02-22 13:23:10,766 - log_app - INFO - log message num: 171
2022-02-22 13:23:11,072 - log_app - INFO - log message num: 172
2022-02-22 13:23:11,376 - log_app - INFO - log message num: 173
2022-02-22 13:23:11,680 - log_app - INFO - log message num: 174
2022-02-22 13:23:11,985 - log_app - INFO - log message num: 175
2022-02-22 13:23:12,291 - log_app - INFO - log message num: 176
2022-02-22 13:23:12,594 - log_app - INFO - log message num: 177
2022-02-22 13:23:12,900 - log_app - INFO - log message num: 178
2022-02-22 13:23:13,202 - log_app - INFO - log message num: 179
2022-02-22 13:23:13,507 - log_app - INFO - log message num: 180
2022-02-22 13:23:13,813 - log_app - INFO - log message num: 181
2022-02-22 13:23:14,119 - log_app - INFO - log message num: 182
2022-02-22 13:23:14,423 - log_app - INFO - log message num: 183
2022-02-22 13:23:14,726 - log_app - INFO - log message num: 184
2022-02-22 13:23:15,031 - log_app - INFO - log message num: 185
2022-02-22 13:23:15,336 - log_app - INFO - log message num: 186
2022-02-22 13:23:15,641 - log_app - INFO - log message num: 187
2022-02-22 13:23:15,943 - log_app - INFO - log message num: 188
2022-02-22 13:23:16,244 - log_app - INFO - log message num: 189
2022-02-22 13:23:16,549 - log_app - INFO - log message num: 190
2022-02-22 13:23:16,853 - log_app - INFO - log message num: 191
2022-02-22 13:23:17,162 - log_app - INFO - log message num: 192
2022-02-22 13:23:17,468 - log_app - INFO - log message num: 193
2022-02-22 13:23:17,771 - log_app - INFO - log message num: 194
2022-02-22 13:23:18,077 - log_app - INFO - log message num: 195
2022-02-22 13:23:18,382 - log_app - INFO - log message num: 196
2022-02-22 13:23:18,688 - log_app - INFO - log message num: 197
